

Version:	3.50
CmdLine:	C:\Users\Oliviero\Desktop\Libreria\dist\Libreria.exe --l4j-debug
JNI:		No
WOW64:		Yes
Requires JDK:	No
Requires 64-Bit: No
Java min ver:	1.004.000
Java max ver:	
Substitute:	JAVA_HOME = 
Substitute:	PATH = C:\Program Files\Java\jdk-23\bin\;C:\Program Files (x86)\Python37-32\Scripts\;C:\Program Files (x86)\Python37-32\;C:\Program Files\Python37\Scripts\;C:\Program Files\Python37\;C:\Windows\system32;C:\Windows;C:\Windows\System32\Wbem;C:\Windows\System32\WindowsPowerShell\v1.0\;C:\Program Files\Intel\WiFi\bin\;C:\Program Files\Common Files\Intel\WirelessCommon\;C:\Program Files (x86)\NVIDIA Corporation\PhysX\Common;C:\Program Files\Microsoft SQL Server\Client SDK\ODBC\110\Tools\Binn\;C:\Program Files (x86)\Microsoft SQL Server\120\Tools\Binn\ManagementStudio\;C:\Program Files (x86)\Microsoft SQL Server\120\Tools\Binn\;C:\Program Files\Microsoft SQL Server\120\Tools\Binn\;C:\Program Files (x86)\Microsoft SQL Server\120\DTS\Binn\;C:\Program Files\Microsoft SQL Server\120\DTS\Binn\;C:\Program Files (x86)\HP\Common\HPDestPlgIn\;C:\Program Files\Intel\WiFi\bin\;C:\Program Files\Common Files\Intel\WirelessCommon\;C:\Program Files\gretl;C:\Program Files (x86)\HP\Common\HPDestPlgIn\;C:\Program Files (x86)\Jar2Exe Wizard\;C:\Program Files\Java\jdk-23\bin
JRE paths:	;C:\Program Files\Java\jdk-23\bin\;C:\Program Files (x86)\Python37-32\Scripts\;C:\Program Files (x86)\Python37-32\;C:\Program Files\Python37\Scripts\;C:\Program Files\Python37\;C:\Windows\system32;C:\Windows;C:\Windows\System32\Wbem;C:\Windows\System32\WindowsPowerShell\v1.0\;C:\Program Files\Intel\WiFi\bin\;C:\Program Files\Common Files\Intel\WirelessCommon\;C:\Program Files (x86)\NVIDIA Corporation\PhysX\Common;C:\Program Files\Microsoft SQL Server\Client SDK\ODBC\110\Tools\Binn\;C:\Program Files (x86)\Microsoft SQL Server\120\Tools\Binn\ManagementStudio\;C:\Program Files (x86)\Microsoft SQL Server\120\Tools\Binn\;C:\Program Files\Microsoft SQL Server\120\Tools\Binn\;C:\Program Files (x86)\Microsoft SQL Server\120\DTS\Binn\;C:\Program Files\Microsoft SQL Server\120\DTS\Binn\;C:\Program Files (x86)\HP\Common\HPDestPlgIn\;C:\Program Files\Intel\WiFi\bin\;C:\Program Files\Common Files\Intel\WirelessCommon\;C:\Program Files\gretl;C:\Program Files (x86)\HP\Common\HPDestPlgIn\;C:\Program Files (x86)\Jar2Exe Wizard\;C:\Program Files\Java\jdk-23\bin
Check launcher:	C:\Program Files\Java\jdk-23\bin\bin\javaw.exe (not found)
Check launcher:	C:\Program Files (x86)\Python37-32\Scripts\bin\javaw.exe (not found)
Check launcher:	C:\Program Files (x86)\Python37-32\bin\javaw.exe (not found)
Check launcher:	C:\Program Files\Python37\Scripts\bin\javaw.exe (not found)
Check launcher:	C:\Program Files\Python37\bin\javaw.exe (not found)
Check launcher:	C:\Windows\system32\bin\javaw.exe (not found)
Check launcher:	C:\Windows\bin\javaw.exe (not found)
Check launcher:	C:\Windows\System32\Wbem\bin\javaw.exe (not found)
Check launcher:	C:\Windows\System32\WindowsPowerShell\v1.0\bin\javaw.exe (not found)
Check launcher:	C:\Program Files\Intel\WiFi\bin\bin\javaw.exe (not found)
Check launcher:	C:\Program Files\Common Files\Intel\WirelessCommon\bin\javaw.exe (not found)
Check launcher:	C:\Program Files (x86)\NVIDIA Corporation\PhysX\Common\bin\javaw.exe (not found)
Check launcher:	C:\Program Files\Microsoft SQL Server\Client SDK\ODBC\110\Tools\Binn\bin\javaw.exe (not found)
Check launcher:	C:\Program Files (x86)\Microsoft SQL Server\120\Tools\Binn\ManagementStudio\bin\javaw.exe (not found)
Check launcher:	C:\Program Files (x86)\Microsoft SQL Server\120\Tools\Binn\bin\javaw.exe (not found)
Check launcher:	C:\Program Files\Microsoft SQL Server\120\Tools\Binn\bin\javaw.exe (not found)
Check launcher:	C:\Program Files (x86)\Microsoft SQL Server\120\DTS\Binn\bin\javaw.exe (not found)
Check launcher:	C:\Program Files\Microsoft SQL Server\120\DTS\Binn\bin\javaw.exe (not found)
Check launcher:	C:\Program Files (x86)\HP\Common\HPDestPlgIn\bin\javaw.exe (not found)
Check launcher:	C:\Program Files\Intel\WiFi\bin\bin\javaw.exe (not found)
Check launcher:	C:\Program Files\Common Files\Intel\WirelessCommon\bin\javaw.exe (not found)
Check launcher:	C:\Program Files\gretl\bin\javaw.exe (not found)
Check launcher:	C:\Program Files (x86)\HP\Common\HPDestPlgIn\bin\javaw.exe (not found)
Check launcher:	C:\Program Files (x86)\Jar2Exe Wizard\bin\javaw.exe (not found)
Check launcher:	C:\Program Files\Java\jdk-23\bin\javaw.exe (OK)
Version string: 1.023.000_001 / 64-Bit (OK)
Launcher:	C:\Program Files\Java\jdk-23\bin\javaw.exe
Launcher args:	-jar "C:\Users\Oliviero\Desktop\Libreria\dist\Libreria.exe"
Args length:	59/32768 chars
Exit code:	0


Version:	3.50
CmdLine:	C:\Users\Oliviero\Desktop\Libreria\dist\Libreria.exe --l4j-debug
JNI:		No
WOW64:		Yes
Requires JDK:	No
Requires 64-Bit: No
Java min ver:	1.004.000
Java max ver:	
Substitute:	JAVA_HOME = 
Substitute:	PATH = C:\Program Files\Java\jdk-23\bin\;C:\Program Files (x86)\Python37-32\Scripts\;C:\Program Files (x86)\Python37-32\;C:\Program Files\Python37\Scripts\;C:\Program Files\Python37\;C:\Windows\system32;C:\Windows;C:\Windows\System32\Wbem;C:\Windows\System32\WindowsPowerShell\v1.0\;C:\Program Files\Intel\WiFi\bin\;C:\Program Files\Common Files\Intel\WirelessCommon\;C:\Program Files (x86)\NVIDIA Corporation\PhysX\Common;C:\Program Files\Microsoft SQL Server\Client SDK\ODBC\110\Tools\Binn\;C:\Program Files (x86)\Microsoft SQL Server\120\Tools\Binn\ManagementStudio\;C:\Program Files (x86)\Microsoft SQL Server\120\Tools\Binn\;C:\Program Files\Microsoft SQL Server\120\Tools\Binn\;C:\Program Files (x86)\Microsoft SQL Server\120\DTS\Binn\;C:\Program Files\Microsoft SQL Server\120\DTS\Binn\;C:\Program Files (x86)\HP\Common\HPDestPlgIn\;C:\Program Files\Intel\WiFi\bin\;C:\Program Files\Common Files\Intel\WirelessCommon\;C:\Program Files\gretl;C:\Program Files (x86)\HP\Common\HPDestPlgIn\;C:\Program Files (x86)\Jar2Exe Wizard\;C:\Program Files\Java\jdk-23\bin
JRE paths:	;C:\Program Files\Java\jdk-23\bin\;C:\Program Files (x86)\Python37-32\Scripts\;C:\Program Files (x86)\Python37-32\;C:\Program Files\Python37\Scripts\;C:\Program Files\Python37\;C:\Windows\system32;C:\Windows;C:\Windows\System32\Wbem;C:\Windows\System32\WindowsPowerShell\v1.0\;C:\Program Files\Intel\WiFi\bin\;C:\Program Files\Common Files\Intel\WirelessCommon\;C:\Program Files (x86)\NVIDIA Corporation\PhysX\Common;C:\Program Files\Microsoft SQL Server\Client SDK\ODBC\110\Tools\Binn\;C:\Program Files (x86)\Microsoft SQL Server\120\Tools\Binn\ManagementStudio\;C:\Program Files (x86)\Microsoft SQL Server\120\Tools\Binn\;C:\Program Files\Microsoft SQL Server\120\Tools\Binn\;C:\Program Files (x86)\Microsoft SQL Server\120\DTS\Binn\;C:\Program Files\Microsoft SQL Server\120\DTS\Binn\;C:\Program Files (x86)\HP\Common\HPDestPlgIn\;C:\Program Files\Intel\WiFi\bin\;C:\Program Files\Common Files\Intel\WirelessCommon\;C:\Program Files\gretl;C:\Program Files (x86)\HP\Common\HPDestPlgIn\;C:\Program Files (x86)\Jar2Exe Wizard\;C:\Program Files\Java\jdk-23\bin
Check launcher:	C:\Program Files\Java\jdk-23\bin\bin\javaw.exe (not found)
Check launcher:	C:\Program Files (x86)\Python37-32\Scripts\bin\javaw.exe (not found)
Check launcher:	C:\Program Files (x86)\Python37-32\bin\javaw.exe (not found)
Check launcher:	C:\Program Files\Python37\Scripts\bin\javaw.exe (not found)
Check launcher:	C:\Program Files\Python37\bin\javaw.exe (not found)
Check launcher:	C:\Windows\system32\bin\javaw.exe (not found)
Check launcher:	C:\Windows\bin\javaw.exe (not found)
Check launcher:	C:\Windows\System32\Wbem\bin\javaw.exe (not found)
Check launcher:	C:\Windows\System32\WindowsPowerShell\v1.0\bin\javaw.exe (not found)
Check launcher:	C:\Program Files\Intel\WiFi\bin\bin\javaw.exe (not found)
Check launcher:	C:\Program Files\Common Files\Intel\WirelessCommon\bin\javaw.exe (not found)
Check launcher:	C:\Program Files (x86)\NVIDIA Corporation\PhysX\Common\bin\javaw.exe (not found)
Check launcher:	C:\Program Files\Microsoft SQL Server\Client SDK\ODBC\110\Tools\Binn\bin\javaw.exe (not found)
Check launcher:	C:\Program Files (x86)\Microsoft SQL Server\120\Tools\Binn\ManagementStudio\bin\javaw.exe (not found)
Check launcher:	C:\Program Files (x86)\Microsoft SQL Server\120\Tools\Binn\bin\javaw.exe (not found)
Check launcher:	C:\Program Files\Microsoft SQL Server\120\Tools\Binn\bin\javaw.exe (not found)
Check launcher:	C:\Program Files (x86)\Microsoft SQL Server\120\DTS\Binn\bin\javaw.exe (not found)
Check launcher:	C:\Program Files\Microsoft SQL Server\120\DTS\Binn\bin\javaw.exe (not found)
Check launcher:	C:\Program Files (x86)\HP\Common\HPDestPlgIn\bin\javaw.exe (not found)
Check launcher:	C:\Program Files\Intel\WiFi\bin\bin\javaw.exe (not found)
Check launcher:	C:\Program Files\Common Files\Intel\WirelessCommon\bin\javaw.exe (not found)
Check launcher:	C:\Program Files\gretl\bin\javaw.exe (not found)
Check launcher:	C:\Program Files (x86)\HP\Common\HPDestPlgIn\bin\javaw.exe (not found)
Check launcher:	C:\Program Files (x86)\Jar2Exe Wizard\bin\javaw.exe (not found)
Check launcher:	C:\Program Files\Java\jdk-23\bin\javaw.exe (OK)
Version string: 1.023.000_001 / 64-Bit (OK)
Launcher:	C:\Program Files\Java\jdk-23\bin\javaw.exe
Launcher args:	-jar "C:\Users\Oliviero\Desktop\Libreria\dist\Libreria.exe"
Args length:	59/32768 chars
Exit code:	0


Version:	3.50
CmdLine:	C:\Users\Oliviero\Desktop\Libreria\dist\Libreria.exe --l4j-debug
JNI:		No
WOW64:		Yes
Working dir:	C:\Users\Oliviero\Desktop\Libreria\dist\.
Requires JDK:	No
Requires 64-Bit: No
Java min ver:	1.004.000
Java max ver:	
Substitute:	JAVA_HOME = 
Substitute:	PATH = C:\Program Files\Java\jdk-23\bin\;C:\Program Files (x86)\Python37-32\Scripts\;C:\Program Files (x86)\Python37-32\;C:\Program Files\Python37\Scripts\;C:\Program Files\Python37\;C:\Windows\system32;C:\Windows;C:\Windows\System32\Wbem;C:\Windows\System32\WindowsPowerShell\v1.0\;C:\Program Files\Intel\WiFi\bin\;C:\Program Files\Common Files\Intel\WirelessCommon\;C:\Program Files (x86)\NVIDIA Corporation\PhysX\Common;C:\Program Files\Microsoft SQL Server\Client SDK\ODBC\110\Tools\Binn\;C:\Program Files (x86)\Microsoft SQL Server\120\Tools\Binn\ManagementStudio\;C:\Program Files (x86)\Microsoft SQL Server\120\Tools\Binn\;C:\Program Files\Microsoft SQL Server\120\Tools\Binn\;C:\Program Files (x86)\Microsoft SQL Server\120\DTS\Binn\;C:\Program Files\Microsoft SQL Server\120\DTS\Binn\;C:\Program Files (x86)\HP\Common\HPDestPlgIn\;C:\Program Files\Intel\WiFi\bin\;C:\Program Files\Common Files\Intel\WirelessCommon\;C:\Program Files\gretl;C:\Program Files (x86)\HP\Common\HPDestPlgIn\;C:\Program Files (x86)\Jar2Exe Wizard\;C:\Program Files\Java\jdk-23\bin
JRE paths:	;C:\Program Files\Java\jdk-23\bin\;C:\Program Files (x86)\Python37-32\Scripts\;C:\Program Files (x86)\Python37-32\;C:\Program Files\Python37\Scripts\;C:\Program Files\Python37\;C:\Windows\system32;C:\Windows;C:\Windows\System32\Wbem;C:\Windows\System32\WindowsPowerShell\v1.0\;C:\Program Files\Intel\WiFi\bin\;C:\Program Files\Common Files\Intel\WirelessCommon\;C:\Program Files (x86)\NVIDIA Corporation\PhysX\Common;C:\Program Files\Microsoft SQL Server\Client SDK\ODBC\110\Tools\Binn\;C:\Program Files (x86)\Microsoft SQL Server\120\Tools\Binn\ManagementStudio\;C:\Program Files (x86)\Microsoft SQL Server\120\Tools\Binn\;C:\Program Files\Microsoft SQL Server\120\Tools\Binn\;C:\Program Files (x86)\Microsoft SQL Server\120\DTS\Binn\;C:\Program Files\Microsoft SQL Server\120\DTS\Binn\;C:\Program Files (x86)\HP\Common\HPDestPlgIn\;C:\Program Files\Intel\WiFi\bin\;C:\Program Files\Common Files\Intel\WirelessCommon\;C:\Program Files\gretl;C:\Program Files (x86)\HP\Common\HPDestPlgIn\;C:\Program Files (x86)\Jar2Exe Wizard\;C:\Program Files\Java\jdk-23\bin
Check launcher:	C:\Program Files\Java\jdk-23\bin\bin\javaw.exe (not found)
Check launcher:	C:\Program Files (x86)\Python37-32\Scripts\bin\javaw.exe (not found)
Check launcher:	C:\Program Files (x86)\Python37-32\bin\javaw.exe (not found)
Check launcher:	C:\Program Files\Python37\Scripts\bin\javaw.exe (not found)
Check launcher:	C:\Program Files\Python37\bin\javaw.exe (not found)
Check launcher:	C:\Windows\system32\bin\javaw.exe (not found)
Check launcher:	C:\Windows\bin\javaw.exe (not found)
Check launcher:	C:\Windows\System32\Wbem\bin\javaw.exe (not found)
Check launcher:	C:\Windows\System32\WindowsPowerShell\v1.0\bin\javaw.exe (not found)
Check launcher:	C:\Program Files\Intel\WiFi\bin\bin\javaw.exe (not found)
Check launcher:	C:\Program Files\Common Files\Intel\WirelessCommon\bin\javaw.exe (not found)
Check launcher:	C:\Program Files (x86)\NVIDIA Corporation\PhysX\Common\bin\javaw.exe (not found)
Check launcher:	C:\Program Files\Microsoft SQL Server\Client SDK\ODBC\110\Tools\Binn\bin\javaw.exe (not found)
Check launcher:	C:\Program Files (x86)\Microsoft SQL Server\120\Tools\Binn\ManagementStudio\bin\javaw.exe (not found)
Check launcher:	C:\Program Files (x86)\Microsoft SQL Server\120\Tools\Binn\bin\javaw.exe (not found)
Check launcher:	C:\Program Files\Microsoft SQL Server\120\Tools\Binn\bin\javaw.exe (not found)
Check launcher:	C:\Program Files (x86)\Microsoft SQL Server\120\DTS\Binn\bin\javaw.exe (not found)
Check launcher:	C:\Program Files\Microsoft SQL Server\120\DTS\Binn\bin\javaw.exe (not found)
Check launcher:	C:\Program Files (x86)\HP\Common\HPDestPlgIn\bin\javaw.exe (not found)
Check launcher:	C:\Program Files\Intel\WiFi\bin\bin\javaw.exe (not found)
Check launcher:	C:\Program Files\Common Files\Intel\WirelessCommon\bin\javaw.exe (not found)
Check launcher:	C:\Program Files\gretl\bin\javaw.exe (not found)
Check launcher:	C:\Program Files (x86)\HP\Common\HPDestPlgIn\bin\javaw.exe (not found)
Check launcher:	C:\Program Files (x86)\Jar2Exe Wizard\bin\javaw.exe (not found)
Check launcher:	C:\Program Files\Java\jdk-23\bin\javaw.exe (OK)
Version string: 1.023.000_001 / 64-Bit (OK)
Launcher:	C:\Program Files\Java\jdk-23\bin\javaw.exe
Launcher args:	-jar "C:\Users\Oliviero\Desktop\Libreria\dist\Libreria.exe"
Args length:	59/32768 chars
Exit code:	0
